Installed 5 packages in 34ms
K19 scaling test: S(λ) at α = 0.001, λ ∈ [0.05, 0.1, 0.2]

Computing entropies for atoms...
  H  λ=0.050  S=+4.1428
  H  λ=0.100  S=+4.1187
  H  λ=0.200  S=+4.0712
  Li  λ=0.050  S=+11.0277
  Li  λ=0.100  S=+10.9543
  Li  λ=0.200  S=+10.8310
  C  λ=0.050  S=+18.3603
  C  λ=0.100  S=+18.2437
  C  λ=0.200  S=+18.0238
  N  λ=0.050  S=+19.4720
  N  λ=0.100  S=+19.3789
  N  λ=0.200  S=+19.1997
  O  λ=0.050  S=+20.1854
  O  λ=0.100  S=+20.1046
  O  λ=0.200  S=+19.9472
  F  λ=0.050  S=+20.4644
  F  λ=0.100  S=+20.3953
  F  λ=0.200  S=+20.2594
  S  λ=0.050  S=+36.2124
  S  λ=0.100  S=+36.0132
  S  λ=0.200  S=+35.6380
  Cl  λ=0.050  S=+37.1835
  Cl  λ=0.100  S=+37.0150
  Cl  λ=0.200  S=+36.6906

Computing entropies for molecules...
  H2  λ=0.050  S=+7.8044
  H2  λ=0.100  S=+7.7668
  H2  λ=0.200  S=+7.6944
  LiH  λ=0.050  S=+15.0072
  LiH  λ=0.100  S=+14.9098
  LiH  λ=0.200  S=+14.7396
  CH4  λ=0.050  S=+39.4792
  CH4  λ=0.100  S=+39.3282
  CH4  λ=0.200  S=+39.0406
  NH3  λ=0.050  S=+35.0634
  NH3  λ=0.100  S=+34.9256
  NH3  λ=0.200  S=+34.6613
  H2O  λ=0.050  S=+30.3764
  H2O  λ=0.100  S=+30.2619
  H2O  λ=0.200  S=+30.0401
  HF  λ=0.050  S=+25.4089
  HF  λ=0.100  S=+25.3239
  HF  λ=0.200  S=+25.1571
  N2  λ=0.050  S=+45.4562
  N2  λ=0.100  S=+45.3248
  N2  λ=0.200  S=+45.0712
  F2  λ=0.050  S=+52.3590
  F2  λ=0.100  S=+52.2546
  F2  λ=0.200  S=+52.0493
  CO  λ=0.050  S=+45.0656
  CO  λ=0.100  S=+44.9131
  CO  λ=0.200  S=+44.6213
  HCl  λ=0.050  S=+43.3038
  HCl  λ=0.100  S=+43.1175
  HCl  λ=0.200  S=+42.7592
  H2S  λ=0.050  S=+48.6444
  H2S  λ=0.100  S=+48.4166
  H2S  λ=0.200  S=+47.9849
  LiF  λ=0.050  S=+34.3496
  LiF  λ=0.100  S=+34.1914
  LiF  λ=0.200  S=+33.8995

========================================================================
Per-entity linear fit: S = m · (1/λ) + b
========================================================================
  Entity |      kind |      slope |  intercept |       R² |   K19 fit?
----------------------------------------------------------------------
       C |      atom |    +0.0209 |   +17.9655 |   0.8722 |          ~
     CH4 |  molecule |    +0.0272 |   +38.9650 |   0.8707 |          ~
      CO |  molecule |    +0.0276 |   +44.5451 |   0.8697 |          ~
      Cl |      atom |    +0.0306 |   +36.6064 |   0.8687 |          ~
       F |      atom |    +0.0127 |   +20.2249 |   0.8649 |          ~
      F2 |  molecule |    +0.0192 |   +51.9971 |   0.8651 |          ~
       H |      atom |    +0.0044 |    +4.0592 |   0.8650 |          ~
      H2 |  molecule |    +0.0068 |    +7.6756 |   0.8686 |          ~
     H2O |  molecule |    +0.0208 |   +29.9829 |   0.8677 |          ~
     H2S |  molecule |    +0.0409 |   +47.8710 |   0.8714 |          ~
     HCl |  molecule |    +0.0338 |   +42.6661 |   0.8689 |          ~
      HF |  molecule |    +0.0156 |   +25.1147 |   0.8654 |          ~
      Li |      atom |    +0.0123 |   +10.7943 |   0.8915 |          ~
     LiF |  molecule |    +0.0280 |   +33.8204 |   0.8760 |          ~
     LiH |  molecule |    +0.0167 |   +14.6909 |   0.8851 |          ~
       N |      atom |    +0.0169 |   +19.1532 |   0.8688 |          ~
      N2 |  molecule |    +0.0239 |   +45.0055 |   0.8683 |          ~
     NH3 |  molecule |    +0.0249 |   +34.5924 |   0.8695 |          ~
       O |      atom |    +0.0148 |   +19.9069 |   0.8666 |          ~
       S |      atom |    +0.0357 |   +35.5384 |   0.8724 |          ~

========================================================================
AGGREGATE
========================================================================
  Atoms     mean R² = 0.8713, median = 0.8687, n = 8
  Molecules mean R² = 0.8705, median = 0.8692, n = 12
  All       mean R² = 0.8708
  Entities with R² > 0.95: 0/20  (0%)

  Reminder: K19 claims R² = 1.000 (perfect linearity).
  If our R² are close to 1, λ_SCC behaves like K19's λ.
  If much lower, λ_SCC is structurally different from the K19 family.

Results: k19_scaling_results.csv
