Installed 5 packages in 31ms
Cross-molecule SIRS test: does T_fit ≈ T_bond hold across G2-1?

Computing atoms...
  H: E_PBE=-0.4986, E_CCSDT=-0.4993, H_vN=0.0000
  Li: E_PBE=-7.4539, E_CCSDT=-7.4279, H_vN=0.6408
  C: E_PBE=-37.7512, E_CCSDT=-37.7168, H_vN=1.4034
  N: E_PBE=-54.4666, E_CCSDT=-54.4233, H_vN=1.5914
  O: E_PBE=-74.9147, E_CCSDT=-74.8391, H_vN=1.6027
  F: E_PBE=-99.5398, E_CCSDT=-99.4363, H_vN=1.6222
  S: E_PBE=-397.8006, E_CCSDT=-397.4756, H_vN=2.1971
  Cl: E_PBE=-459.7970, E_CCSDT=-459.4537, H_vN=2.2129

Computing molecules and analyzing...

  Mol |    AE_PBE |  AE_CCSDT |   PBE err |  H_vN(M) |    ΔH_vN |      T_fit |     T_bond |  ratio
--------------------------------------------------------------------------------------------------------------
   H2 |   162.800 |   164.783 |    -1.982 |   0.1026 |  +0.1026 |      -8803 |      52034 | -0.169
  LiH |    85.347 |    80.680 |    +4.667 |   0.7563 |  +0.1155 |      18407 |      25477 |  0.722
  CH4 |   668.668 |   646.468 |   +22.200 |   1.6955 |  +0.2922 |      34615 |     204139 |  0.170
  NH3 |   469.528 |   436.356 |   +33.172 |   1.6875 |  +0.0962 |     157157 |     137790 |  1.141
  H2O |   360.086 |   339.295 |   +20.791 |   1.6767 |  +0.0740 |     128007 |     107141 |  1.195
   HF |   215.464 |   205.365 |   +10.099 |   1.6626 |  +0.0404 |     113947 |      64849 |  1.757
   N2 |   387.502 |   333.332 |   +54.170 |   2.0289 |  -1.1538 |     -21388 |     105258 | -0.203
   F2 |    88.778 |    46.556 |   +42.223 |   2.2589 |  -0.9855 |     -19518 |      14701 | -1.328
   CO |   433.113 |   398.924 |   +34.189 |   2.0235 |  -0.9826 |     -15851 |     125970 | -0.126
  HCl |   165.312 |   157.362 |    +7.950 |   2.2381 |  +0.0252 |     143892 |      49691 |  2.896
  H2S |   285.164 |   270.032 |   +15.132 |   2.2468 |  +0.0498 |     138458 |      85270 |  1.624
  LiF |   214.722 |   194.241 |   +20.481 |   1.8374 |  -0.4256 |     -21924 |      61336 | -0.357

========================================================================
ANALYSIS
========================================================================

  N molecules with valid T_fit:  12
  Mean   T_fit/T_bond ratio:    0.610
  Median T_fit/T_bond ratio:    0.446
  Std    T_fit/T_bond ratio:    1.114
  Range  T_fit/T_bond ratio:    [-1.328, 2.896]

  Linear fit T_fit = a × T_bond + b:
    slope a = 0.2292
    intercept b = 34171 K
    R² = 0.0264

  Verdict:
  → T_fit varies arbitrarily across molecules.
  → SIRS chemistry as currently formulated is just a per-system fit.

Results: sirs_g2_cross_molecule_results.csv
